[start] universal_baseline_resnet18  (src.attack)  13:13:51
[done] universal_baseline_resnet18  13.1 min
[start] universal_quant_2x_fp16  (src.attack)  13:27:00
[done] universal_quant_2x_fp16  26.5 min
[start] universal_quant_4x_int8  (src.attack)  13:53:31
[done] universal_quant_4x_int8  31.9 min
[start] universal_quant_8x_int4  (src.attack)  14:25:24
[done] universal_quant_8x_int4  32.9 min
[start] universal_prune_2x  (src.attack)  14:58:19
[done] universal_prune_2x  13.7 min
[start] universal_prune_4x  (src.attack)  15:12:03
[done] universal_prune_4x  12.9 min
[start] universal_prune_8x  (src.attack)  15:24:55
[done] universal_prune_8x  13.7 min
[start] universal_dense_small_2x  (src.attack)  15:38:35
[done] universal_dense_small_2x  10.3 min
[start] universal_dense_small_4x  (src.attack)  15:48:54
[done] universal_dense_small_4x  6.0 min
[start] universal_dense_small_8x  (src.attack)  15:54:54
[done] universal_dense_small_8x  4.8 min
[start] universal_kd_2x  (src.attack)  15:59:44
[done] universal_kd_2x  10.4 min
[start] universal_kd_4x  (src.attack)  16:10:09
[done] universal_kd_4x  5.9 min
[start] universal_kd_8x  (src.attack)  16:16:05
[done] universal_kd_8x  4.8 min
[start] lavan_baseline_resnet18  (src.attack)  16:20:54
[done] lavan_baseline_resnet18  12.0 min
[start] lavan_quant_2x_fp16  (src.attack)  16:32:51
[done] lavan_quant_2x_fp16  24.8 min
[start] lavan_quant_4x_int8  (src.attack)  16:57:42
[done] lavan_quant_4x_int8  31.6 min
[start] lavan_quant_8x_int4  (src.attack)  17:29:19
[done] lavan_quant_8x_int4  30.4 min
[start] lavan_prune_2x  (src.attack)  17:59:41
[done] lavan_prune_2x  12.1 min
[start] lavan_prune_4x  (src.attack)  18:11:50
[done] lavan_prune_4x  12.5 min
[start] lavan_prune_8x  (src.attack)  18:24:19
[done] lavan_prune_8x  12.4 min
[start] lavan_dense_small_2x  (src.attack)  18:36:42
[done] lavan_dense_small_2x  11.5 min
[start] lavan_dense_small_4x  (src.attack)  18:48:10
[done] lavan_dense_small_4x  9.1 min
[start] lavan_dense_small_8x  (src.attack)  18:57:15
[done] lavan_dense_small_8x  8.3 min
[start] lavan_kd_2x  (src.attack)  19:05:34
[done] lavan_kd_2x  11.3 min
[start] lavan_kd_4x  (src.attack)  19:16:53
[done] lavan_kd_4x  9.8 min
[start] lavan_kd_8x  (src.attack)  19:26:38
[done] lavan_kd_8x  9.4 min
[start] universal_physical_baseline_resnet18  (src.attack)  19:36:03
[done] universal_physical_baseline_resnet18  7.5 min
[start] universal_physical_quant_4x_int8  (src.attack)  19:43:33
[done] universal_physical_quant_4x_int8  10.5 min
[start] universal_physical_prune_4x  (src.attack)  19:54:00
[done] universal_physical_prune_4x  7.1 min
[start] universal_physical_dense_small_4x  (src.attack)  20:01:07
[done] universal_physical_dense_small_4x  3.6 min
[start] universal_physical_kd_4x  (src.attack)  20:04:43
[done] universal_physical_kd_4x  3.4 min
[queue finished]
